// Jest Snapshot v1, https://goo.gl/fbAQLP

exports[`[object Object] 1`] = `
<div
  className="cBox boxTools col-md-8 col-md-offset-2 col-sm-10 col-sm-offset-1"
>
  <div>
    Loading Monthly Chart
  </div>
</div>
`;