// Jest Snapshot v1, https://goo.gl/fbAQLP

exports[`[object Object] 1`] = `
<div>
  ...Loaidng
</div>
`;

exports[`Employee rows renders correctly renders correctly 1`] = `
<div
  className="cBox boxTools col-md-8 col-md-offset-2 col-sm-10 col-sm-offset-1"
>
  <h1>
    Employee List
  </h1>
  <table
    className="table"
  >
    <thead>
      <tr>
        <th>
          Id
        </th>
        <th>
          First Name
        </th>
        <th>
          Last Name
        </th>
        <th>
          Email
        </th>
        <th>
          Delete
        </th>
      </tr>
    </thead>
    <tbody>
      <tr>
        <td>
          1
        </td>
        <td>
          Test First Name
        </td>
        <td>
          Test Last Name
        </td>
        <td>
          testemail@email.com
        </td>
        <td>
          <button
            className="btn btn-default"
            onClick={[Function]}
          >
            Delete me!
          </button>
        </td>
      </tr>
    </tbody>
  </table>
</div>
`;
